// Jest Snapshot v1, https://goo.gl/fbAQLP

exports[`Mutation/createRelation throws if both documents are not of the same organization 1`] = `[Invariant Violation: Both documents should be of the same organization]`;

exports[`Mutation/createRelation throws if relation already exists 1`] = `[Invariant Violation: Both documents are matched already]`;

exports[`Mutation/createRelation throws if relation already exists 2`] = `[Invariant Violation: Both documents are matched already]`;
